render pod annotations:
  1: |
    checksum/config: 43a92e9b975b2c73717c59db2ff64ecb0901c473ec92662eb381f79ffcb81b6b
    fixed-annotation: some-fixed-annotation
    templated-annotations: my-release
